// Jest Snapshot v1, https://goo.gl/fbAQLP

exports[`VideoPlayer is rendered correctly 1`] = `
<video
  className="player__video"
  muted={true}
  poster="img/fantastic-beasts-the-crimes-of-grindelwald.jpg"
/>
`;
